// Jest Snapshot v1, https://goo.gl/fbAQLP

exports[`Instructions component renders a Instructions by default 1`] = `""`;
